// Vitest Snapshot v1, https://vitest.dev/guide/snapshot.html

exports[`actionResult > snapshot unchanged 1`] = `
{
  "failure": false,
  "success": true,
}
`;
